// Jest Snapshot v1, https://goo.gl/fbAQLP

exports[`Header renders correctly 1`] = `
<div
  className="header__container"
>
  <div
    className="header__sub-container"
  >
    <div
      className="header__logo"
    >
      <a
        aria-current="page"
        href="/"
        onClick={[Function]}
      >
        <test-file-stub />
      </a>
    </div>
    <div
      className="header__toggleClose"
    >
      <ul>
        <li>
          <a
            aria-current="page"
            href="/"
            onClick={[Function]}
          >
            Services
          </a>
        </li>
        <li>
          <a
            aria-current="page"
            href="/"
            onClick={[Function]}
          >
            Industries
          </a>
        </li>
        <li>
          <a
            href="/about-us"
            onClick={[Function]}
          >
            About us
          </a>
        </li>
        <li>
          <a
            aria-current="page"
            href="/"
            onClick={[Function]}
          >
            News
          </a>
        </li>
                  
        <li>
          <a
            aria-current="page"
            href="/"
            onClick={[Function]}
          >
            Insights
          </a>
        </li>
        <li
          className="header__mobile"
        >
          <div
            className="MobileBottomMenu"
          >
            <div
              className="button__container"
              onClick={[Function]}
            >
              <span>
                Work with us
                <test-file-stub
                  width="17"
                />
              </span>
            </div>
            <div
              className="MobileBottomMenu__container"
            >
              <div
                className="MobileBottomMenu__socialIconsContainer"
              >
                <a
                  href="http://"
                  rel="noopener noreferrer"
                  target="_blank"
                >
                  <div
                    className="icon-circle"
                  >
                    <test-file-stub
                      className="icons-linkedin"
                    />
                  </div>
                </a>
                <a
                  href="http://"
                  rel="noopener noreferrer"
                  target="_blank"
                >
                  <div
                    className="icon-circle"
                  >
                    <test-file-stub
                      className="icons-facebook"
                    />
                  </div>
                </a>
                <a
                  href="http://"
                  rel="noopener noreferrer"
                  target="_blank"
                >
                  <div
                    className="icon-circle"
                  >
                    <test-file-stub
                      className="icons-youtube"
                    />
                  </div>
                </a>
              </div>
              <select
                className="language-selector"
                onChange={[Function]}
                value="en"
              >
                <option
                  className="language-selector__option"
                  value="en"
                >
                  EN
                </option>
                <option
                  className="language-selector__option"
                  value="ch"
                >
                  CH
                </option>
              </select>
            </div>
          </div>
        </li>
      </ul>
    </div>
    <div
      className="header__sub-menu"
    >
      <ul>
        <li>
          <div
            className="header__select header__desktop"
          >
            <select
              className="language-selector"
              onChange={[Function]}
              value="en"
            >
              <option
                className="language-selector__option"
                value="en"
              >
                EN
              </option>
              <option
                className="language-selector__option"
                value="ch"
              >
                CH
              </option>
            </select>
          </div>
        </li>
        <li
          className="header__search"
        >
          <test-file-stub />
        </li>
        <div
          className="button__container"
          onClick={[Function]}
        >
          <span>
            Work with us
            <test-file-stub
              width="17"
            />
          </span>
        </div>
        <li>
          <div
            className="hamburger"
            onClick={[Function]}
            onKeyDown={[Function]}
          >
            <div
              className="hamburger__line"
            />
            <div
              className="hamburger__line"
            />
            <div
              className="hamburger__line"
            />
          </div>
        </li>
      </ul>
    </div>
  </div>
</div>
`;
